// Jest Snapshot v1, https://goo.gl/fbAQLP

exports[`MemberInfo render 1`] = `
<DocumentFragment>
  <div
    class="py-2 px-2 border-b-2"
  >
    <p />
    <p>
      hello
    </p>
  </div>
</DocumentFragment>
`;
